**********************
Windows PowerShell transcript start
Start time: 20260925074225
Username: DROIDVM\USER
RunAs User: DROIDVM\USER
Configuration Name: 
Machine: DROIDVM (Microsoft Windows NT 10.0.26100.0)
Host Application: powershell -NoProfile -ExecutionPolicy Bypass -File C:\Users\USER\WorkBuddy\W11A64DVMB\gui\builder\windows\build.ps1
Process ID: 6048
PSVersion: 5.1.26100.1591
PSEdition: Desktop
PSCompatibleVersions: 1.0, 2.0, 3.0, 4.0, 5.0, 5.1.26100.1591
BuildVersion: 10.0.26100.1591
CLRVersion: 4.0.30319.42000
WSManStackVersion: 3.0
PSRemotingProtocolVersion: 2.3
SerializationVersion: 1.1.0.1
**********************
Transcript started, output file is C:\Users\USER\WorkBuddy\W11A64DVMB\gui\builder\windows\build_direct.log
[log] transcript -> C:\Users\USER\WorkBuddy\W11A64DVMB\gui\builder\windows\build_direct.log
[locale] Language   : (keep image default, not overridden)
[locale] TimeZone   : Pacific Standard Time
==== DroidVM Windows builder (DISM offline driver injection) ====
[config] ISO=C:/Users/USER/Desktop/install.wim
[config] Output=C:\Users\USER\DroidVM\Windows.qcow2
[config] Username=USER
[config] ComputerName=DROIDVM
[config] DiskSize=40960 MB
[config] Drivers=C:\Users\USER\Downloads\gunyah-arm64-drivers.zip
[config] Compress=no
[config] Debloat=no (保留原版)
[disk] drive letters: ESP=W Windows=X

[qemu-img] using bundled: C:\Users\USER\WorkBuddy\W11A64DVMB\gui\builder\windows\..\tools\qemu-img\qemu-img.exe
[source] C:\Users\USER\Desktop\install.wim is a raw WIM file - skipping ISO mount
[warn] drive C: free 18.4 GB < estimated need 36 GB; DISM may fail with 'not enough disk space' (exit 433). Enable COMPRESS and/or reduce DiskSize.
> New-Item -ItemType Directory -Force D:\tmp
[work] temp dir = D:\tmp
[files] already extracted: C:\Users\USER\WorkBuddy\W11A64DVMB\gui\builder\windows\files\gunyah-arm64-drivers
[drivers] dir=C:\Users\USER\WorkBuddy\W11A64DVMB\gui\builder\windows\files\gunyah-arm64-drivers\drivers  install=NetKVM pvmpower rdmapool viofs vioinput viorng vioscsi vioserial viosnd viosock viostor  cert=(auto from .cat)
[image] using WIM directly: C:\Users\USER\Desktop\install.wim
[iso] image format: WIM
> dism.exe /Get-WimInfo /WimFile:C:\Users\USER\Desktop\install.wim
[image] one edition only -> index 1 (Windows 10 ???)
[image] using index 1
[mem] WARNING: 本机物理内存仅约 4023MB。离线展开 2.2GB 的镜像至少需要约 4GB，DISM/wimlib 极可能以卷损坏 / OOM 失败。
[mem] 构建前请先做这些（按重要性排序）：
[mem]   1) 关闭启动本构建的 GUI / 编辑器 / 浏览器（它们常占 1GB+）。改用独立【管理员 PowerShell】直接运行 build.ps1，不要从占用内存的 GUI 内启动。
[mem]   2) 管理员下把页面文件调到约 8GB，换取更多虚拟内存余量。
[mem]   3) 确保 apply 步骤时有 >2GB 空闲内存。
[disk] creating and partitioning VHDX (max 40960 MB) ...
[disk] planned drive letters: ESP=W Windows=X
[disk] vhdmp already Running
[disk] starting FsDepends (virtual disk provider), current=Stopped
PS>TerminatingError(Start-Service): "The running command stopped because the preference variable "ErrorActionPreference" or common parameter is set to Stop: Failed to start service 'File System Dependency Minifilter (FsDepends)'."
[disk] WARN: failed to start FsDepends: Failed to start service 'File System Dependency Minifilter (FsDepends)'.
> diskpart /s C:\Users\USER\AppData\Local\Temp\droidvm_dp\part_create.txt
> diskpart script:
    create vdisk file="D:\tmp\w11_20260925_074227_6048.vhdx" maximum=40960 type=expandable
    select vdisk file="D:\tmp\w11_20260925_074227_6048.vhdx"
    attach vdisk
    exit

    Microsoft DiskPart version 10.0.26100.1

    Copyright (C) Microsoft Corporation.
    On computer: DROIDVM

    DiskPart has encountered an error: A virtual disk support provider for the specified file was not found.
    See the System Event Log for more information.
> diskpart /s C:\Users\USER\AppData\Local\Temp\droidvm_dp\detach.txt
> diskpart script:
    select vdisk file="D:\tmp\w11_20260925_074227_6048.vhdx"
    detach vdisk
    exit

Microsoft DiskPart version 10.0.26100.1

Copyright (C) Microsoft Corporation.
On computer: DROIDVM

DiskPart has encountered an error: The system cannot find the file specified.
See the System Event Log for more information.

There is no virtual disk selected.
> Remove-Item -Recurse -Force D:\tmp -ErrorAction SilentlyContinue
[cleanup] 输出文件不存在（构建可能失败），跳过
[info] 打开 ISO 文件所在文件夹...
PS>TerminatingError(): "failed to initialize/partition VHDX after attach (diskpart output:
Microsoft DiskPart version 10.0.26100.1

Copyright (C) Microsoft Corporation.
On computer: DROIDVM

DiskPart has encountered an error: A virtual disk support provider for the specified file was not found.
See the System Event Log for more information."
failed to initialize/partition VHDX after attach (diskpart output:
Microsoft DiskPart version 10.0.26100.1

Copyright (C) Microsoft Corporation.
On computer: DROIDVM

DiskPart has encountered an error: A virtual disk support provider for the specified file was not found.
See the System Event Log for more information.
failed to initialize/partition VHDX after attach (diskpart output:
Microsoft DiskPart version 10.0.26100.1

Copyright (C) Microsoft Corporation.
On computer: DROIDVM

DiskPart has encountered an error: A virtual disk support provider for the specified file was not found.
See the System Event Log for more information.
At C:\Users\USER\WorkBuddy\W11A64DVMB\gui\builder\windows\build.ps1:894 char:23
+ ... ot $disk) { throw ("failed to initialize/partition VHDX after attach  ...
+                 ~~~~~~~~~~~~~~~~~~~~~~~~~~~~~~~~~~~~~~~~~~~~~~~~~~~~~~~~~
    + CategoryInfo          : OperationStopped: (failed to initi...re information.:String) [], RuntimeException
    + FullyQualifiedErrorId : failed to initialize/partition VHDX after attach (diskpart output:
Microsoft DiskPart version 10.0.26100.1

Copyright (C) Microsoft Corporation.
On computer: DROIDVM

DiskPart has encountered an error: A virtual disk support provider for the specified file was not found.
See the System Event Log for more information.

**********************
Windows PowerShell transcript end
End time: 20260925074244
**********************
